
> aldeias-games@3.11.1 dev
> next dev --webpack --webpack

▲ Next.js 16.2.4 (webpack)
- Local:         http://localhost:3000
- Network:       http://10.255.255.254:3000
- Environments: .env.local, .env
✓ Ready in 1305ms

⚠ Fast Refresh had to perform a full reload. Read more: https://nextjs.org/docs/messages/fast-refresh-reload
○ Compiling / ...
⚠ ./node_modules/@prisma/instrumentation/node_modules/@opentelemetry/instrumentation/build/esm/platform/node/instrumentation.js
Critical dependency: the request of a dependency is an expression

Import trace for requested module:
./node_modules/@prisma/instrumentation/node_modules/@opentelemetry/instrumentation/build/esm/platform/node/instrumentation.js
./node_modules/@prisma/instrumentation/node_modules/@opentelemetry/instrumentation/build/esm/platform/node/index.js
./node_modules/@prisma/instrumentation/node_modules/@opentelemetry/instrumentation/build/esm/platform/index.js
./node_modules/@prisma/instrumentation/node_modules/@opentelemetry/instrumentation/build/esm/index.js
./node_modules/@prisma/instrumentation/dist/index.js
./node_modules/@sentry/node/build/cjs/integrations/tracing/prisma.js
./node_modules/@sentry/node/build/cjs/index.js
./node_modules/@sentry/nextjs/build/cjs/index.server.js
./src/components/sentry-init.tsx
⚠ ./node_modules/@prisma/instrumentation/node_modules/@opentelemetry/instrumentation/build/esm/platform/node/instrumentation.js
Critical dependency: the request of a dependency is an expression

Import trace for requested module:
./node_modules/@prisma/instrumentation/node_modules/@opentelemetry/instrumentation/build/esm/platform/node/instrumentation.js
./node_modules/@prisma/instrumentation/node_modules/@opentelemetry/instrumentation/build/esm/platform/node/index.js
./node_modules/@prisma/instrumentation/node_modules/@opentelemetry/instrumentation/build/esm/platform/index.js
./node_modules/@prisma/instrumentation/node_modules/@opentelemetry/instrumentation/build/esm/index.js
./node_modules/@prisma/instrumentation/dist/index.js
./node_modules/@sentry/node/build/cjs/integrations/tracing/prisma.js
./node_modules/@sentry/node/build/cjs/index.js
./node_modules/@sentry/nextjs/build/cjs/index.server.js
./src/components/sentry-init.tsx
⚠ Fast Refresh had to perform a full reload. Read more: https://nextjs.org/docs/messages/fast-refresh-reload
 GET / 200 in 16.6s (next.js: 14.0s, proxy.ts: 333ms, application-code: 2.2s)
 GET / 200 in 2.6s (next.js: 22ms, proxy.ts: 1651ms, application-code: 920ms)
⚠ ./node_modules/@prisma/instrumentation/node_modules/@opentelemetry/instrumentation/build/esm/platform/node/instrumentation.js
Critical dependency: the request of a dependency is an expression

Import trace for requested module:
./node_modules/@prisma/instrumentation/node_modules/@opentelemetry/instrumentation/build/esm/platform/node/instrumentation.js
./node_modules/@prisma/instrumentation/node_modules/@opentelemetry/instrumentation/build/esm/platform/node/index.js
./node_modules/@prisma/instrumentation/node_modules/@opentelemetry/instrumentation/build/esm/platform/index.js
./node_modules/@prisma/instrumentation/node_modules/@opentelemetry/instrumentation/build/esm/index.js
./node_modules/@prisma/instrumentation/dist/index.js
./node_modules/@sentry/node/build/cjs/integrations/tracing/prisma.js
./node_modules/@sentry/node/build/cjs/index.js
./node_modules/@sentry/nextjs/build/cjs/index.server.js
./src/components/sentry-init.tsx
prisma:query SELECT 1
 GET /api/health 200 in 8.1s (next.js: 5.1s, proxy.ts: 1653ms, application-code: 1434ms)
⚠ ./node_modules/@prisma/instrumentation/node_modules/@opentelemetry/instrumentation/build/esm/platform/node/instrumentation.js
Critical dependency: the request of a dependency is an expression

Import trace for requested module:
./node_modules/@prisma/instrumentation/node_modules/@opentelemetry/instrumentation/build/esm/platform/node/instrumentation.js
./node_modules/@prisma/instrumentation/node_modules/@opentelemetry/instrumentation/build/esm/platform/node/index.js
./node_modules/@prisma/instrumentation/node_modules/@opentelemetry/instrumentation/build/esm/platform/index.js
./node_modules/@prisma/instrumentation/node_modules/@opentelemetry/instrumentation/build/esm/index.js
./node_modules/@prisma/instrumentation/dist/index.js
./node_modules/@sentry/node/build/cjs/integrations/tracing/prisma.js
./node_modules/@sentry/node/build/cjs/index.js
./node_modules/@sentry/nextjs/build/cjs/index.server.js
./src/components/sentry-init.tsx
⚠ ./node_modules/@prisma/instrumentation/node_modules/@opentelemetry/instrumentation/build/esm/platform/node/instrumentation.js
Critical dependency: the request of a dependency is an expression

Import trace for requested module:
./node_modules/@prisma/instrumentation/node_modules/@opentelemetry/instrumentation/build/esm/platform/node/instrumentation.js
./node_modules/@prisma/instrumentation/node_modules/@opentelemetry/instrumentation/build/esm/platform/node/index.js
./node_modules/@prisma/instrumentation/node_modules/@opentelemetry/instrumentation/build/esm/platform/index.js
./node_modules/@prisma/instrumentation/node_modules/@opentelemetry/instrumentation/build/esm/index.js
./node_modules/@prisma/instrumentation/dist/index.js
./node_modules/@sentry/node/build/cjs/integrations/tracing/prisma.js
./node_modules/@sentry/node/build/cjs/index.js
./node_modules/@sentry/nextjs/build/cjs/index.server.js
./src/components/sentry-init.tsx
⚠ ./node_modules/@prisma/instrumentation/node_modules/@opentelemetry/instrumentation/build/esm/platform/node/instrumentation.js
Critical dependency: the request of a dependency is an expression

Import trace for requested module:
./node_modules/@prisma/instrumentation/node_modules/@opentelemetry/instrumentation/build/esm/platform/node/instrumentation.js
./node_modules/@prisma/instrumentation/node_modules/@opentelemetry/instrumentation/build/esm/platform/node/index.js
./node_modules/@prisma/instrumentation/node_modules/@opentelemetry/instrumentation/build/esm/platform/index.js
./node_modules/@prisma/instrumentation/node_modules/@opentelemetry/instrumentation/build/esm/index.js
./node_modules/@prisma/instrumentation/dist/index.js
./node_modules/@sentry/node/build/cjs/integrations/tracing/prisma.js
./node_modules/@sentry/node/build/cjs/index.js
./node_modules/@sentry/nextjs/build/cjs/index.server.js
./src/components/sentry-init.tsx
prisma:query SELECT "public"."users"."id", "public"."users"."nome", "public"."users"."email", "public"."users"."telefone", "public"."users"."role"::text, "public"."users"."aldeiaId", "public"."users"."saldo", "public"."users"."comissaoPercentual", "public"."users"."comissaoTotal", "public"."users"."emailVerificado", "public"."users"."notificacoesEmail", "public"."users"."createdAt", "public"."users"."updatedAt" FROM "public"."users" WHERE ("public"."users"."id" = $1 AND 1=1) LIMIT $2 OFFSET $3
prisma:query SELECT "public"."aldeias"."id", "public"."aldeias"."nome", "public"."aldeias"."slug", "public"."aldeias"."tipoOrganizacao"::text, "public"."aldeias"."descricao", "public"."aldeias"."logoUrl", "public"."aldeias"."logoBase64", "public"."aldeias"."moedaInterna", "public"."aldeias"."experiencia", "public"."aldeias"."nivel", "public"."aldeias"."pontos", "public"."aldeias"."permitirStripe", "public"."aldeias"."permitirMBWay", "public"."aldeias"."metodosPagamentoDefault", "public"."aldeias"."iban", "public"."aldeias"."nomeTitularConta", "public"."aldeias"."avisoPagamentosEnviado", "public"."aldeias"."nomeEscola", "public"."aldeias"."codigoEscola", "public"."aldeias"."nivelEnsino"::text, "public"."aldeias"."responsavel", "public"."aldeias"."telefone", "public"."aldeias"."email", "public"."aldeias"."morada", "public"."aldeias"."codigoPostal", "public"."aldeias"."localidade", "public"."aldeias"."autorizacaoCM", "public"."aldeias"."numeroAlvara", "public"."aldeias"."documentosVerificados", "public"."aldeias"."ativo", "public"."aldeias"."verificado", "public"."aldeias"."dataVerificacao", "public"."aldeias"."planoId", "public"."aldeias"."dataInicioPlano", "public"."aldeias"."dataFimPlano", "public"."aldeias"."createdAt", "public"."aldeias"."updatedAt" FROM "public"."aldeias" WHERE "public"."aldeias"."id" IN ($1) OFFSET $2
prisma:query SELECT "public"."users"."id", "public"."users"."nome", "public"."users"."email", "public"."users"."telefone", "public"."users"."role"::text, "public"."users"."aldeiaId", "public"."users"."saldo", "public"."users"."comissaoPercentual", "public"."users"."comissaoTotal", "public"."users"."emailVerificado", "public"."users"."notificacoesEmail", "public"."users"."createdAt", "public"."users"."updatedAt" FROM "public"."users" WHERE ("public"."users"."id" = $1 AND 1=1) LIMIT $2 OFFSET $3
prisma:query SELECT "public"."aldeias"."id", "public"."aldeias"."nome", "public"."aldeias"."slug", "public"."aldeias"."tipoOrganizacao"::text, "public"."aldeias"."descricao", "public"."aldeias"."logoUrl", "public"."aldeias"."logoBase64", "public"."aldeias"."moedaInterna", "public"."aldeias"."experiencia", "public"."aldeias"."nivel", "public"."aldeias"."pontos", "public"."aldeias"."permitirStripe", "public"."aldeias"."permitirMBWay", "public"."aldeias"."metodosPagamentoDefault", "public"."aldeias"."iban", "public"."aldeias"."nomeTitularConta", "public"."aldeias"."avisoPagamentosEnviado", "public"."aldeias"."nomeEscola", "public"."aldeias"."codigoEscola", "public"."aldeias"."nivelEnsino"::text, "public"."aldeias"."responsavel", "public"."aldeias"."telefone", "public"."aldeias"."email", "public"."aldeias"."morada", "public"."aldeias"."codigoPostal", "public"."aldeias"."localidade", "public"."aldeias"."autorizacaoCM", "public"."aldeias"."numeroAlvara", "public"."aldeias"."documentosVerificados", "public"."aldeias"."ativo", "public"."aldeias"."verificado", "public"."aldeias"."dataVerificacao", "public"."aldeias"."planoId", "public"."aldeias"."dataInicioPlano", "public"."aldeias"."dataFimPlano", "public"."aldeias"."createdAt", "public"."aldeias"."updatedAt" FROM "public"."aldeias" WHERE "public"."aldeias"."id" IN ($1) OFFSET $2
prisma:query SELECT "public"."jogos"."id", "public"."jogos"."nome", "public"."jogos"."tipo"::text, "public"."jogos"."descricao", "public"."jogos"."configuracao", "public"."jogos"."dimensoesCampo", "public"."jogos"."preco", "public"."jogos"."stockInicial", "public"."jogos"."stockAtual", "public"."jogos"."limitePorUsuario", "public"."jogos"."custoQuadrado", "public"."jogos"."valorPremioVaca", "public"."jogos"."custoPremioDinheiro", "public"."jogos"."valorCompraVaca", "public"."jogos"."valorMercadoVaca", "public"."jogos"."rentabilidadePercentual", "public"."jogos"."lucroMinimoPercent", "public"."jogos"."custoMedioPrevisto", "public"."jogos"."receitaEsperada", "public"."jogos"."lucroLiquidoPrevisto", "public"."jogos"."percentagemTotalPremios", "public"."jogos"."hashVerificacao", "public"."jogos"."estado"::text, "public"."jogos"."dataAbertura", "public"."jogos"."dataFecho", "public"."jogos"."recorrente", "public"."jogos"."frequenciaRecorrencia"::text, "public"."jogos"."proximaDataCriacao", "public"."jogos"."jogoPaiId", "public"."jogos"."ativo", "public"."jogos"."totalParticipacoes", "public"."jogos"."totalAngariado", "public"."jogos"."sorteado", "public"."jogos"."dataSorteio", "public"."jogos"."createdAt", "public"."jogos"."updatedAt", "public"."jogos"."eventoId", "public"."jogos"."aldeiaId", "public"."jogos"."premioId", "public"."jogos"."modoSorteio", "public"."jogos"."detalhesSorteioExterno" FROM "public"."jogos" LEFT JOIN "public"."eventos" AS "j0" ON ("j0"."id") = ("public"."jogos"."eventoId") WHERE ("public"."jogos"."estado" = CAST($1::text AS "public"."EstadoJogo") AND ("j0"."aldeiaId" = $2 AND ("j0"."id" IS NOT NULL))) OFFSET $3
prisma:query SELECT "public"."eventos"."id", "public"."eventos"."nome", "public"."eventos"."slug", "public"."eventos"."aldeiaId" FROM "public"."eventos" WHERE "public"."eventos"."id" IN ($1) OFFSET $2
prisma:query SELECT "public"."aldeias"."id", "public"."aldeias"."nome", "public"."aldeias"."slug" FROM "public"."aldeias" WHERE "public"."aldeias"."id" IN ($1) OFFSET $2
prisma:query SELECT "public"."eventos"."id", "public"."eventos"."nome", "public"."eventos"."slug", "public"."eventos"."descricao", "public"."eventos"."imagemUrl", "public"."eventos"."imagemBase64", "public"."eventos"."dataInicio", "public"."eventos"."dataFim", "public"."eventos"."objectivoAngariacao", "public"."eventos"."estado"::text, "public"."eventos"."publico", "public"."eventos"."totalAngariado", "public"."eventos"."totalParticipacoes", "public"."eventos"."isTemplate", "public"."eventos"."templateNome", "public"."eventos"."frequenciaRecorrencia"::text, "public"."eventos"."diaSemanaRecorrencia", "public"."eventos"."proximaData", "public"."eventos"."createdAt", "public"."eventos"."updatedAt", "public"."eventos"."aldeiaId" FROM "public"."eventos" WHERE ("public"."eventos"."publico" = $1 AND "public"."eventos"."estado" = CAST($2::text AS "public"."EstadoEvento") AND "public"."eventos"."aldeiaId" = $3) ORDER BY "public"."eventos"."dataInicio" DESC LIMIT $4 OFFSET $5
prisma:query SELECT COUNT(*) AS "_count$_all" FROM (SELECT "public"."jogos"."id" FROM "public"."jogos" LEFT JOIN "public"."eventos" AS "j0" ON ("j0"."id") = ("public"."jogos"."eventoId") WHERE ("public"."jogos"."estado" = CAST($1::text AS "public"."EstadoJogo") AND ("j0"."aldeiaId" = $2 AND ("j0"."id" IS NOT NULL))) OFFSET $3) AS "sub"
 GET /api/jogos?ativos=true 200 in 5.0s (next.js: 4.1s, proxy.ts: 22ms, application-code: 944ms)
prisma:query SELECT "public"."premios"."id", "public"."premios"."nome", "public"."premios"."imagemUrl", "public"."premios"."valorDinheiroAlternative", "public"."premios"."percentagem", "public"."premios"."ordem", "public"."premios"."jogoId" FROM "public"."premios" WHERE "public"."premios"."jogoId" IN ($1) ORDER BY "public"."premios"."ordem" ASC OFFSET $2
prisma:query SELECT "public"."aldeias"."id", "public"."aldeias"."nome", "public"."aldeias"."slug", "public"."aldeias"."tipoOrganizacao"::text, "public"."aldeias"."logoUrl" FROM "public"."aldeias" WHERE "public"."aldeias"."id" IN ($1) OFFSET $2
prisma:query SELECT "public"."jogos"."id", "public"."jogos"."nome", "public"."jogos"."tipo"::text, "public"."jogos"."preco", "public"."jogos"."stockInicial", "public"."jogos"."estado"::text, "public"."jogos"."eventoId" FROM "public"."jogos" WHERE "public"."jogos"."eventoId" IN ($1) OFFSET $2
 GET /api/eventos?publico=true 200 in 5.1s (next.js: 4.1s, proxy.ts: 21ms, application-code: 991ms)
prisma:query SELECT COUNT(*) AS "_count$_all" FROM (SELECT "public"."eventos"."id" FROM "public"."eventos" WHERE ("public"."eventos"."publico" = $1 AND "public"."eventos"."estado" = CAST($2::text AS "public"."EstadoEvento") AND "public"."eventos"."aldeiaId" = $3) OFFSET $4) AS "sub"
⚠ ./node_modules/@prisma/instrumentation/node_modules/@opentelemetry/instrumentation/build/esm/platform/node/instrumentation.js
Critical dependency: the request of a dependency is an expression

Import trace for requested module:
./node_modules/@prisma/instrumentation/node_modules/@opentelemetry/instrumentation/build/esm/platform/node/instrumentation.js
./node_modules/@prisma/instrumentation/node_modules/@opentelemetry/instrumentation/build/esm/platform/node/index.js
./node_modules/@prisma/instrumentation/node_modules/@opentelemetry/instrumentation/build/esm/platform/index.js
./node_modules/@prisma/instrumentation/node_modules/@opentelemetry/instrumentation/build/esm/index.js
./node_modules/@prisma/instrumentation/dist/index.js
./node_modules/@sentry/node/build/cjs/integrations/tracing/prisma.js
./node_modules/@sentry/node/build/cjs/index.js
./node_modules/@sentry/nextjs/build/cjs/index.server.js
./src/components/sentry-init.tsx
prisma:query SELECT COUNT(*) AS "_count$_all" FROM (SELECT "public"."aldeias"."id" FROM "public"."aldeias" WHERE ("public"."aldeias"."ativo" = $1 AND "public"."aldeias"."verificado" = $2) OFFSET $3) AS "sub"
 GET /api/aldeias 200 in 5.9s (next.js: 1744ms, proxy.ts: 4.1s, application-code: 113ms)
prisma:query SELECT "public"."aldeias"."id", "public"."aldeias"."nome", "public"."aldeias"."slug", "public"."aldeias"."tipoOrganizacao"::text, "public"."aldeias"."descricao", "public"."aldeias"."logoUrl", "public"."aldeias"."logoBase64", "public"."aldeias"."moedaInterna", "public"."aldeias"."experiencia", "public"."aldeias"."nivel", "public"."aldeias"."pontos", "public"."aldeias"."permitirStripe", "public"."aldeias"."permitirMBWay", "public"."aldeias"."metodosPagamentoDefault", "public"."aldeias"."iban", "public"."aldeias"."nomeTitularConta", "public"."aldeias"."avisoPagamentosEnviado", "public"."aldeias"."nomeEscola", "public"."aldeias"."codigoEscola", "public"."aldeias"."nivelEnsino"::text, "public"."aldeias"."responsavel", "public"."aldeias"."telefone", "public"."aldeias"."email", "public"."aldeias"."morada", "public"."aldeias"."codigoPostal", "public"."aldeias"."localidade", "public"."aldeias"."autorizacaoCM", "public"."aldeias"."numeroAlvara", "public"."aldeias"."documentosVerificados", "public"."aldeias"."ativo", "public"."aldeias"."verificado", "public"."aldeias"."dataVerificacao", "public"."aldeias"."planoId", "public"."aldeias"."dataInicioPlano", "public"."aldeias"."dataFimPlano", "public"."aldeias"."createdAt", "public"."aldeias"."updatedAt", COALESCE("aggr_selection_0_UserAldeiaRole"."_aggr_count_userAldeiaRoles", 0) AS "_aggr_count_userAldeiaRoles" FROM "public"."aldeias" LEFT JOIN (SELECT "public"."UserAldeiaRole"."aldeiaId", COUNT(*) AS "_aggr_count_userAldeiaRoles" FROM "public"."UserAldeiaRole" WHERE 1=1 GROUP BY "public"."UserAldeiaRole"."aldeiaId") AS "aggr_selection_0_UserAldeiaRole" ON ("public"."aldeias"."id" = "aggr_selection_0_UserAldeiaRole"."aldeiaId") WHERE ("public"."aldeias"."ativo" = $1 AND "public"."aldeias"."verificado" = $2) ORDER BY "public"."aldeias"."createdAt" DESC LIMIT $3 OFFSET $4
prisma:query SELECT "public"."users"."id", "public"."users"."nome", "public"."users"."email", "public"."users"."telefone", "public"."users"."role"::text, "public"."users"."aldeiaId", "public"."users"."saldo", "public"."users"."comissaoPercentual", "public"."users"."comissaoTotal", "public"."users"."emailVerificado", "public"."users"."notificacoesEmail", "public"."users"."createdAt", "public"."users"."updatedAt" FROM "public"."users" WHERE ("public"."users"."id" = $1 AND 1=1) LIMIT $2 OFFSET $3
prisma:query SELECT "public"."users"."id", "public"."users"."nome", "public"."users"."email", "public"."users"."telefone", "public"."users"."role"::text, "public"."users"."aldeiaId", "public"."users"."saldo", "public"."users"."comissaoPercentual", "public"."users"."comissaoTotal", "public"."users"."emailVerificado", "public"."users"."notificacoesEmail", "public"."users"."createdAt", "public"."users"."updatedAt" FROM "public"."users" WHERE ("public"."users"."id" = $1 AND 1=1) LIMIT $2 OFFSET $3
prisma:query SELECT "public"."aldeias"."id", "public"."aldeias"."nome", "public"."aldeias"."slug", "public"."aldeias"."tipoOrganizacao"::text, "public"."aldeias"."descricao", "public"."aldeias"."logoUrl", "public"."aldeias"."logoBase64", "public"."aldeias"."moedaInterna", "public"."aldeias"."experiencia", "public"."aldeias"."nivel", "public"."aldeias"."pontos", "public"."aldeias"."permitirStripe", "public"."aldeias"."permitirMBWay", "public"."aldeias"."metodosPagamentoDefault", "public"."aldeias"."iban", "public"."aldeias"."nomeTitularConta", "public"."aldeias"."avisoPagamentosEnviado", "public"."aldeias"."nomeEscola", "public"."aldeias"."codigoEscola", "public"."aldeias"."nivelEnsino"::text, "public"."aldeias"."responsavel", "public"."aldeias"."telefone", "public"."aldeias"."email", "public"."aldeias"."morada", "public"."aldeias"."codigoPostal", "public"."aldeias"."localidade", "public"."aldeias"."autorizacaoCM", "public"."aldeias"."numeroAlvara", "public"."aldeias"."documentosVerificados", "public"."aldeias"."ativo", "public"."aldeias"."verificado", "public"."aldeias"."dataVerificacao", "public"."aldeias"."planoId", "public"."aldeias"."dataInicioPlano", "public"."aldeias"."dataFimPlano", "public"."aldeias"."createdAt", "public"."aldeias"."updatedAt" FROM "public"."aldeias" WHERE "public"."aldeias"."id" IN ($1) OFFSET $2
prisma:query SELECT COUNT(*) AS "_count$_all" FROM (SELECT "public"."aldeias"."id" FROM "public"."aldeias" WHERE ("public"."aldeias"."ativo" = $1 AND "public"."aldeias"."verificado" = $2) OFFSET $3) AS "sub"
prisma:query SELECT "public"."aldeias"."id", "public"."aldeias"."nome", "public"."aldeias"."slug", "public"."aldeias"."tipoOrganizacao"::text, "public"."aldeias"."descricao", "public"."aldeias"."logoUrl", "public"."aldeias"."logoBase64", "public"."aldeias"."moedaInterna", "public"."aldeias"."experiencia", "public"."aldeias"."nivel", "public"."aldeias"."pontos", "public"."aldeias"."permitirStripe", "public"."aldeias"."permitirMBWay", "public"."aldeias"."metodosPagamentoDefault", "public"."aldeias"."iban", "public"."aldeias"."nomeTitularConta", "public"."aldeias"."avisoPagamentosEnviado", "public"."aldeias"."nomeEscola", "public"."aldeias"."codigoEscola", "public"."aldeias"."nivelEnsino"::text, "public"."aldeias"."responsavel", "public"."aldeias"."telefone", "public"."aldeias"."email", "public"."aldeias"."morada", "public"."aldeias"."codigoPostal", "public"."aldeias"."localidade", "public"."aldeias"."autorizacaoCM", "public"."aldeias"."numeroAlvara", "public"."aldeias"."documentosVerificados", "public"."aldeias"."ativo", "public"."aldeias"."verificado", "public"."aldeias"."dataVerificacao", "public"."aldeias"."planoId", "public"."aldeias"."dataInicioPlano", "public"."aldeias"."dataFimPlano", "public"."aldeias"."createdAt", "public"."aldeias"."updatedAt" FROM "public"."aldeias" WHERE "public"."aldeias"."id" IN ($1) OFFSET $2
prisma:query SELECT "public"."jogos"."id", "public"."jogos"."nome", "public"."jogos"."tipo"::text, "public"."jogos"."descricao", "public"."jogos"."configuracao", "public"."jogos"."dimensoesCampo", "public"."jogos"."preco", "public"."jogos"."stockInicial", "public"."jogos"."stockAtual", "public"."jogos"."limitePorUsuario", "public"."jogos"."custoQuadrado", "public"."jogos"."valorPremioVaca", "public"."jogos"."custoPremioDinheiro", "public"."jogos"."valorCompraVaca", "public"."jogos"."valorMercadoVaca", "public"."jogos"."rentabilidadePercentual", "public"."jogos"."lucroMinimoPercent", "public"."jogos"."custoMedioPrevisto", "public"."jogos"."receitaEsperada", "public"."jogos"."lucroLiquidoPrevisto", "public"."jogos"."percentagemTotalPremios", "public"."jogos"."hashVerificacao", "public"."jogos"."estado"::text, "public"."jogos"."dataAbertura", "public"."jogos"."dataFecho", "public"."jogos"."recorrente", "public"."jogos"."frequenciaRecorrencia"::text, "public"."jogos"."proximaDataCriacao", "public"."jogos"."jogoPaiId", "public"."jogos"."ativo", "public"."jogos"."totalParticipacoes", "public"."jogos"."totalAngariado", "public"."jogos"."sorteado", "public"."jogos"."dataSorteio", "public"."jogos"."createdAt", "public"."jogos"."updatedAt", "public"."jogos"."eventoId", "public"."jogos"."aldeiaId", "public"."jogos"."premioId", "public"."jogos"."modoSorteio", "public"."jogos"."detalhesSorteioExterno" FROM "public"."jogos" LEFT JOIN "public"."eventos" AS "j0" ON ("j0"."id") = ("public"."jogos"."eventoId") WHERE ("public"."jogos"."estado" = CAST($1::text AS "public"."EstadoJogo") AND ("j0"."aldeiaId" = $2 AND ("j0"."id" IS NOT NULL))) OFFSET $3
prisma:query SELECT "public"."eventos"."id", "public"."eventos"."nome", "public"."eventos"."slug", "public"."eventos"."descricao", "public"."eventos"."imagemUrl", "public"."eventos"."imagemBase64", "public"."eventos"."dataInicio", "public"."eventos"."dataFim", "public"."eventos"."objectivoAngariacao", "public"."eventos"."estado"::text, "public"."eventos"."publico", "public"."eventos"."totalAngariado", "public"."eventos"."totalParticipacoes", "public"."eventos"."isTemplate", "public"."eventos"."templateNome", "public"."eventos"."frequenciaRecorrencia"::text, "public"."eventos"."diaSemanaRecorrencia", "public"."eventos"."proximaData", "public"."eventos"."createdAt", "public"."eventos"."updatedAt", "public"."eventos"."aldeiaId" FROM "public"."eventos" WHERE ("public"."eventos"."publico" = $1 AND "public"."eventos"."estado" = CAST($2::text AS "public"."EstadoEvento") AND "public"."eventos"."aldeiaId" = $3) ORDER BY "public"."eventos"."dataInicio" DESC LIMIT $4 OFFSET $5
prisma:query SELECT COUNT(*) AS "_count$_all" FROM (SELECT "public"."jogos"."id" FROM "public"."jogos" LEFT JOIN "public"."eventos" AS "j0" ON ("j0"."id") = ("public"."jogos"."eventoId") WHERE ("public"."jogos"."estado" = CAST($1::text AS "public"."EstadoJogo") AND ("j0"."aldeiaId" = $2 AND ("j0"."id" IS NOT NULL))) OFFSET $3) AS "sub"
prisma:query SELECT "public"."eventos"."id", "public"."eventos"."nome", "public"."eventos"."slug", "public"."eventos"."aldeiaId" FROM "public"."eventos" WHERE "public"."eventos"."id" IN ($1) OFFSET $2
prisma:query SELECT COUNT(*) AS "_count$_all" FROM (SELECT "public"."eventos"."id" FROM "public"."eventos" WHERE ("public"."eventos"."publico" = $1 AND "public"."eventos"."estado" = CAST($2::text AS "public"."EstadoEvento") AND "public"."eventos"."aldeiaId" = $3) OFFSET $4) AS "sub"
prisma:query SELECT "public"."aldeias"."id", "public"."aldeias"."nome", "public"."aldeias"."slug", "public"."aldeias"."tipoOrganizacao"::text, "public"."aldeias"."logoUrl" FROM "public"."aldeias" WHERE "public"."aldeias"."id" IN ($1) OFFSET $2
⚠ Fast Refresh had to perform a full reload. Read more: https://nextjs.org/docs/messages/fast-refresh-reload
prisma:query SELECT "public"."aldeias"."id", "public"."aldeias"."nome", "public"."aldeias"."slug" FROM "public"."aldeias" WHERE "public"."aldeias"."id" IN ($1) OFFSET $2
prisma:query SELECT "public"."jogos"."id", "public"."jogos"."nome", "public"."jogos"."tipo"::text, "public"."jogos"."preco", "public"."jogos"."stockInicial", "public"."jogos"."estado"::text, "public"."jogos"."eventoId" FROM "public"."jogos" WHERE "public"."jogos"."eventoId" IN ($1) OFFSET $2
 GET /api/eventos?publico=true 200 in 2.3s (next.js: 58ms, proxy.ts: 1924ms, application-code: 280ms)
 GET /api/jogos?ativos=true 200 in 2.3s (next.js: 77ms, proxy.ts: 1924ms, application-code: 294ms)
prisma:query SELECT "public"."premios"."id", "public"."premios"."nome", "public"."premios"."imagemUrl", "public"."premios"."valorDinheiroAlternative", "public"."premios"."percentagem", "public"."premios"."ordem", "public"."premios"."jogoId" FROM "public"."premios" WHERE "public"."premios"."jogoId" IN ($1) ORDER BY "public"."premios"."ordem" ASC OFFSET $2
 GET /api/aldeias 200 in 2.5s (next.js: 89ms, proxy.ts: 1924ms, application-code: 498ms)
prisma:query SELECT "public"."aldeias"."id", "public"."aldeias"."nome", "public"."aldeias"."slug", "public"."aldeias"."tipoOrganizacao"::text, "public"."aldeias"."descricao", "public"."aldeias"."logoUrl", "public"."aldeias"."logoBase64", "public"."aldeias"."moedaInterna", "public"."aldeias"."experiencia", "public"."aldeias"."nivel", "public"."aldeias"."pontos", "public"."aldeias"."permitirStripe", "public"."aldeias"."permitirMBWay", "public"."aldeias"."metodosPagamentoDefault", "public"."aldeias"."iban", "public"."aldeias"."nomeTitularConta", "public"."aldeias"."avisoPagamentosEnviado", "public"."aldeias"."nomeEscola", "public"."aldeias"."codigoEscola", "public"."aldeias"."nivelEnsino"::text, "public"."aldeias"."responsavel", "public"."aldeias"."telefone", "public"."aldeias"."email", "public"."aldeias"."morada", "public"."aldeias"."codigoPostal", "public"."aldeias"."localidade", "public"."aldeias"."autorizacaoCM", "public"."aldeias"."numeroAlvara", "public"."aldeias"."documentosVerificados", "public"."aldeias"."ativo", "public"."aldeias"."verificado", "public"."aldeias"."dataVerificacao", "public"."aldeias"."planoId", "public"."aldeias"."dataInicioPlano", "public"."aldeias"."dataFimPlano", "public"."aldeias"."createdAt", "public"."aldeias"."updatedAt", COALESCE("aggr_selection_0_UserAldeiaRole"."_aggr_count_userAldeiaRoles", 0) AS "_aggr_count_userAldeiaRoles" FROM "public"."aldeias" LEFT JOIN (SELECT "public"."UserAldeiaRole"."aldeiaId", COUNT(*) AS "_aggr_count_userAldeiaRoles" FROM "public"."UserAldeiaRole" WHERE 1=1 GROUP BY "public"."UserAldeiaRole"."aldeiaId") AS "aggr_selection_0_UserAldeiaRole" ON ("public"."aldeias"."id" = "aggr_selection_0_UserAldeiaRole"."aldeiaId") WHERE ("public"."aldeias"."ativo" = $1 AND "public"."aldeias"."verificado" = $2) ORDER BY "public"."aldeias"."createdAt" DESC LIMIT $3 OFFSET $4
 GET / 200 in 1387ms (next.js: 106ms, proxy.ts: 25ms, application-code: 1255ms)
 GET / 200 in 134ms (next.js: 7ms, proxy.ts: 12ms, application-code: 114ms)
prisma:query SELECT 1
prisma:query SELECT COUNT(*) AS "_count$_all" FROM (SELECT "public"."aldeias"."id" FROM "public"."aldeias" WHERE ("public"."aldeias"."ativo" = $1 AND "public"."aldeias"."verificado" = $2) OFFSET $3) AS "sub"
prisma:query SELECT "public"."users"."id", "public"."users"."nome", "public"."users"."email", "public"."users"."telefone", "public"."users"."role"::text, "public"."users"."aldeiaId", "public"."users"."saldo", "public"."users"."comissaoPercentual", "public"."users"."comissaoTotal", "public"."users"."emailVerificado", "public"."users"."notificacoesEmail", "public"."users"."createdAt", "public"."users"."updatedAt" FROM "public"."users" WHERE ("public"."users"."id" = $1 AND 1=1) LIMIT $2 OFFSET $3
prisma:query SELECT "public"."users"."id", "public"."users"."nome", "public"."users"."email", "public"."users"."telefone", "public"."users"."role"::text, "public"."users"."aldeiaId", "public"."users"."saldo", "public"."users"."comissaoPercentual", "public"."users"."comissaoTotal", "public"."users"."emailVerificado", "public"."users"."notificacoesEmail", "public"."users"."createdAt", "public"."users"."updatedAt" FROM "public"."users" WHERE ("public"."users"."id" = $1 AND 1=1) LIMIT $2 OFFSET $3
prisma:query SELECT "public"."aldeias"."id", "public"."aldeias"."nome", "public"."aldeias"."slug", "public"."aldeias"."tipoOrganizacao"::text, "public"."aldeias"."descricao", "public"."aldeias"."logoUrl", "public"."aldeias"."logoBase64", "public"."aldeias"."moedaInterna", "public"."aldeias"."experiencia", "public"."aldeias"."nivel", "public"."aldeias"."pontos", "public"."aldeias"."permitirStripe", "public"."aldeias"."permitirMBWay", "public"."aldeias"."metodosPagamentoDefault", "public"."aldeias"."iban", "public"."aldeias"."nomeTitularConta", "public"."aldeias"."avisoPagamentosEnviado", "public"."aldeias"."nomeEscola", "public"."aldeias"."codigoEscola", "public"."aldeias"."nivelEnsino"::text, "public"."aldeias"."responsavel", "public"."aldeias"."telefone", "public"."aldeias"."email", "public"."aldeias"."morada", "public"."aldeias"."codigoPostal", "public"."aldeias"."localidade", "public"."aldeias"."autorizacaoCM", "public"."aldeias"."numeroAlvara", "public"."aldeias"."documentosVerificados", "public"."aldeias"."ativo", "public"."aldeias"."verificado", "public"."aldeias"."dataVerificacao", "public"."aldeias"."planoId", "public"."aldeias"."dataInicioPlano", "public"."aldeias"."dataFimPlano", "public"."aldeias"."createdAt", "public"."aldeias"."updatedAt", COALESCE("aggr_selection_0_UserAldeiaRole"."_aggr_count_userAldeiaRoles", 0) AS "_aggr_count_userAldeiaRoles" FROM "public"."aldeias" LEFT JOIN (SELECT "public"."UserAldeiaRole"."aldeiaId", COUNT(*) AS "_aggr_count_userAldeiaRoles" FROM "public"."UserAldeiaRole" WHERE 1=1 GROUP BY "public"."UserAldeiaRole"."aldeiaId") AS "aggr_selection_0_UserAldeiaRole" ON ("public"."aldeias"."id" = "aggr_selection_0_UserAldeiaRole"."aldeiaId") WHERE ("public"."aldeias"."ativo" = $1 AND "public"."aldeias"."verificado" = $2) ORDER BY "public"."aldeias"."createdAt" DESC LIMIT $3 OFFSET $4
 GET /api/aldeias 200 in 312ms (next.js: 86ms, proxy.ts: 109ms, application-code: 117ms)
prisma:query SELECT "public"."aldeias"."id", "public"."aldeias"."nome", "public"."aldeias"."slug", "public"."aldeias"."tipoOrganizacao"::text, "public"."aldeias"."descricao", "public"."aldeias"."logoUrl", "public"."aldeias"."logoBase64", "public"."aldeias"."moedaInterna", "public"."aldeias"."experiencia", "public"."aldeias"."nivel", "public"."aldeias"."pontos", "public"."aldeias"."permitirStripe", "public"."aldeias"."permitirMBWay", "public"."aldeias"."metodosPagamentoDefault", "public"."aldeias"."iban", "public"."aldeias"."nomeTitularConta", "public"."aldeias"."avisoPagamentosEnviado", "public"."aldeias"."nomeEscola", "public"."aldeias"."codigoEscola", "public"."aldeias"."nivelEnsino"::text, "public"."aldeias"."responsavel", "public"."aldeias"."telefone", "public"."aldeias"."email", "public"."aldeias"."morada", "public"."aldeias"."codigoPostal", "public"."aldeias"."localidade", "public"."aldeias"."autorizacaoCM", "public"."aldeias"."numeroAlvara", "public"."aldeias"."documentosVerificados", "public"."aldeias"."ativo", "public"."aldeias"."verificado", "public"."aldeias"."dataVerificacao", "public"."aldeias"."planoId", "public"."aldeias"."dataInicioPlano", "public"."aldeias"."dataFimPlano", "public"."aldeias"."createdAt", "public"."aldeias"."updatedAt" FROM "public"."aldeias" WHERE "public"."aldeias"."id" IN ($1) OFFSET $2
prisma:query SELECT "public"."aldeias"."id", "public"."aldeias"."nome", "public"."aldeias"."slug", "public"."aldeias"."tipoOrganizacao"::text, "public"."aldeias"."descricao", "public"."aldeias"."logoUrl", "public"."aldeias"."logoBase64", "public"."aldeias"."moedaInterna", "public"."aldeias"."experiencia", "public"."aldeias"."nivel", "public"."aldeias"."pontos", "public"."aldeias"."permitirStripe", "public"."aldeias"."permitirMBWay", "public"."aldeias"."metodosPagamentoDefault", "public"."aldeias"."iban", "public"."aldeias"."nomeTitularConta", "public"."aldeias"."avisoPagamentosEnviado", "public"."aldeias"."nomeEscola", "public"."aldeias"."codigoEscola", "public"."aldeias"."nivelEnsino"::text, "public"."aldeias"."responsavel", "public"."aldeias"."telefone", "public"."aldeias"."email", "public"."aldeias"."morada", "public"."aldeias"."codigoPostal", "public"."aldeias"."localidade", "public"."aldeias"."autorizacaoCM", "public"."aldeias"."numeroAlvara", "public"."aldeias"."documentosVerificados", "public"."aldeias"."ativo", "public"."aldeias"."verificado", "public"."aldeias"."dataVerificacao", "public"."aldeias"."planoId", "public"."aldeias"."dataInicioPlano", "public"."aldeias"."dataFimPlano", "public"."aldeias"."createdAt", "public"."aldeias"."updatedAt" FROM "public"."aldeias" WHERE "public"."aldeias"."id" IN ($1) OFFSET $2
prisma:query SELECT "public"."jogos"."id", "public"."jogos"."nome", "public"."jogos"."tipo"::text, "public"."jogos"."descricao", "public"."jogos"."configuracao", "public"."jogos"."dimensoesCampo", "public"."jogos"."preco", "public"."jogos"."stockInicial", "public"."jogos"."stockAtual", "public"."jogos"."limitePorUsuario", "public"."jogos"."custoQuadrado", "public"."jogos"."valorPremioVaca", "public"."jogos"."custoPremioDinheiro", "public"."jogos"."valorCompraVaca", "public"."jogos"."valorMercadoVaca", "public"."jogos"."rentabilidadePercentual", "public"."jogos"."lucroMinimoPercent", "public"."jogos"."custoMedioPrevisto", "public"."jogos"."receitaEsperada", "public"."jogos"."lucroLiquidoPrevisto", "public"."jogos"."percentagemTotalPremios", "public"."jogos"."hashVerificacao", "public"."jogos"."estado"::text, "public"."jogos"."dataAbertura", "public"."jogos"."dataFecho", "public"."jogos"."recorrente", "public"."jogos"."frequenciaRecorrencia"::text, "public"."jogos"."proximaDataCriacao", "public"."jogos"."jogoPaiId", "public"."jogos"."ativo", "public"."jogos"."totalParticipacoes", "public"."jogos"."totalAngariado", "public"."jogos"."sorteado", "public"."jogos"."dataSorteio", "public"."jogos"."createdAt", "public"."jogos"."updatedAt", "public"."jogos"."eventoId", "public"."jogos"."aldeiaId", "public"."jogos"."premioId", "public"."jogos"."modoSorteio", "public"."jogos"."detalhesSorteioExterno" FROM "public"."jogos" LEFT JOIN "public"."eventos" AS "j0" ON ("j0"."id") = ("public"."jogos"."eventoId") WHERE ("public"."jogos"."estado" = CAST($1::text AS "public"."EstadoJogo") AND ("j0"."aldeiaId" = $2 AND ("j0"."id" IS NOT NULL))) OFFSET $3
prisma:query SELECT COUNT(*) AS "_count$_all" FROM (SELECT "public"."jogos"."id" FROM "public"."jogos" LEFT JOIN "public"."eventos" AS "j0" ON ("j0"."id") = ("public"."jogos"."eventoId") WHERE ("public"."jogos"."estado" = CAST($1::text AS "public"."EstadoJogo") AND ("j0"."aldeiaId" = $2 AND ("j0"."id" IS NOT NULL))) OFFSET $3) AS "sub"
prisma:query SELECT COUNT(*) AS "_count$_all" FROM (SELECT "public"."eventos"."id" FROM "public"."eventos" WHERE ("public"."eventos"."publico" = $1 AND "public"."eventos"."estado" = CAST($2::text AS "public"."EstadoEvento") AND "public"."eventos"."aldeiaId" = $3) OFFSET $4) AS "sub"
prisma:query SELECT "public"."eventos"."id", "public"."eventos"."nome", "public"."eventos"."slug", "public"."eventos"."aldeiaId" FROM "public"."eventos" WHERE "public"."eventos"."id" IN ($1) OFFSET $2
prisma:query SELECT "public"."eventos"."id", "public"."eventos"."nome", "public"."eventos"."slug", "public"."eventos"."descricao", "public"."eventos"."imagemUrl", "public"."eventos"."imagemBase64", "public"."eventos"."dataInicio", "public"."eventos"."dataFim", "public"."eventos"."objectivoAngariacao", "public"."eventos"."estado"::text, "public"."eventos"."publico", "public"."eventos"."totalAngariado", "public"."eventos"."totalParticipacoes", "public"."eventos"."isTemplate", "public"."eventos"."templateNome", "public"."eventos"."frequenciaRecorrencia"::text, "public"."eventos"."diaSemanaRecorrencia", "public"."eventos"."proximaData", "public"."eventos"."createdAt", "public"."eventos"."updatedAt", "public"."eventos"."aldeiaId" FROM "public"."eventos" WHERE ("public"."eventos"."publico" = $1 AND "public"."eventos"."estado" = CAST($2::text AS "public"."EstadoEvento") AND "public"."eventos"."aldeiaId" = $3) ORDER BY "public"."eventos"."dataInicio" DESC LIMIT $4 OFFSET $5
prisma:query SELECT "public"."aldeias"."id", "public"."aldeias"."nome", "public"."aldeias"."slug" FROM "public"."aldeias" WHERE "public"."aldeias"."id" IN ($1) OFFSET $2
prisma:query SELECT "public"."premios"."id", "public"."premios"."nome", "public"."premios"."imagemUrl", "public"."premios"."valorDinheiroAlternative", "public"."premios"."percentagem", "public"."premios"."ordem", "public"."premios"."jogoId" FROM "public"."premios" WHERE "public"."premios"."jogoId" IN ($1) ORDER BY "public"."premios"."ordem" ASC OFFSET $2
 GET /api/jogos?ativos=true 200 in 505ms (next.js: 52ms, proxy.ts: 109ms, application-code: 344ms)
prisma:query SELECT "public"."aldeias"."id", "public"."aldeias"."nome", "public"."aldeias"."slug", "public"."aldeias"."tipoOrganizacao"::text, "public"."aldeias"."logoUrl" FROM "public"."aldeias" WHERE "public"."aldeias"."id" IN ($1) OFFSET $2
prisma:query SELECT "public"."jogos"."id", "public"."jogos"."nome", "public"."jogos"."tipo"::text, "public"."jogos"."preco", "public"."jogos"."stockInicial", "public"."jogos"."estado"::text, "public"."jogos"."eventoId" FROM "public"."jogos" WHERE "public"."jogos"."eventoId" IN ($1) OFFSET $2
 GET /api/eventos?publico=true 200 in 617ms (next.js: 28ms, proxy.ts: 109ms, application-code: 480ms)
prisma:query SELECT "public"."users"."id", "public"."users"."nome", "public"."users"."email", "public"."users"."telefone", "public"."users"."role"::text, "public"."users"."aldeiaId", "public"."users"."saldo", "public"."users"."comissaoPercentual", "public"."users"."comissaoTotal", "public"."users"."emailVerificado", "public"."users"."notificacoesEmail", "public"."users"."createdAt", "public"."users"."updatedAt" FROM "public"."users" WHERE ("public"."users"."id" = $1 AND 1=1) LIMIT $2 OFFSET $3
prisma:query SELECT COUNT(*) AS "_count$_all" FROM (SELECT "public"."aldeias"."id" FROM "public"."aldeias" WHERE ("public"."aldeias"."ativo" = $1 AND "public"."aldeias"."verificado" = $2) OFFSET $3) AS "sub"
prisma:query SELECT "public"."users"."id", "public"."users"."nome", "public"."users"."email", "public"."users"."telefone", "public"."users"."role"::text, "public"."users"."aldeiaId", "public"."users"."saldo", "public"."users"."comissaoPercentual", "public"."users"."comissaoTotal", "public"."users"."emailVerificado", "public"."users"."notificacoesEmail", "public"."users"."createdAt", "public"."users"."updatedAt" FROM "public"."users" WHERE ("public"."users"."id" = $1 AND 1=1) LIMIT $2 OFFSET $3
prisma:query SELECT "public"."aldeias"."id", "public"."aldeias"."nome", "public"."aldeias"."slug", "public"."aldeias"."tipoOrganizacao"::text, "public"."aldeias"."descricao", "public"."aldeias"."logoUrl", "public"."aldeias"."logoBase64", "public"."aldeias"."moedaInterna", "public"."aldeias"."experiencia", "public"."aldeias"."nivel", "public"."aldeias"."pontos", "public"."aldeias"."permitirStripe", "public"."aldeias"."permitirMBWay", "public"."aldeias"."metodosPagamentoDefault", "public"."aldeias"."iban", "public"."aldeias"."nomeTitularConta", "public"."aldeias"."avisoPagamentosEnviado", "public"."aldeias"."nomeEscola", "public"."aldeias"."codigoEscola", "public"."aldeias"."nivelEnsino"::text, "public"."aldeias"."responsavel", "public"."aldeias"."telefone", "public"."aldeias"."email", "public"."aldeias"."morada", "public"."aldeias"."codigoPostal", "public"."aldeias"."localidade", "public"."aldeias"."autorizacaoCM", "public"."aldeias"."numeroAlvara", "public"."aldeias"."documentosVerificados", "public"."aldeias"."ativo", "public"."aldeias"."verificado", "public"."aldeias"."dataVerificacao", "public"."aldeias"."planoId", "public"."aldeias"."dataInicioPlano", "public"."aldeias"."dataFimPlano", "public"."aldeias"."createdAt", "public"."aldeias"."updatedAt" FROM "public"."aldeias" WHERE "public"."aldeias"."id" IN ($1) OFFSET $2
prisma:query SELECT "public"."aldeias"."id", "public"."aldeias"."nome", "public"."aldeias"."slug", "public"."aldeias"."tipoOrganizacao"::text, "public"."aldeias"."descricao", "public"."aldeias"."logoUrl", "public"."aldeias"."logoBase64", "public"."aldeias"."moedaInterna", "public"."aldeias"."experiencia", "public"."aldeias"."nivel", "public"."aldeias"."pontos", "public"."aldeias"."permitirStripe", "public"."aldeias"."permitirMBWay", "public"."aldeias"."metodosPagamentoDefault", "public"."aldeias"."iban", "public"."aldeias"."nomeTitularConta", "public"."aldeias"."avisoPagamentosEnviado", "public"."aldeias"."nomeEscola", "public"."aldeias"."codigoEscola", "public"."aldeias"."nivelEnsino"::text, "public"."aldeias"."responsavel", "public"."aldeias"."telefone", "public"."aldeias"."email", "public"."aldeias"."morada", "public"."aldeias"."codigoPostal", "public"."aldeias"."localidade", "public"."aldeias"."autorizacaoCM", "public"."aldeias"."numeroAlvara", "public"."aldeias"."documentosVerificados", "public"."aldeias"."ativo", "public"."aldeias"."verificado", "public"."aldeias"."dataVerificacao", "public"."aldeias"."planoId", "public"."aldeias"."dataInicioPlano", "public"."aldeias"."dataFimPlano", "public"."aldeias"."createdAt", "public"."aldeias"."updatedAt" FROM "public"."aldeias" WHERE "public"."aldeias"."id" IN ($1) OFFSET $2
prisma:query SELECT "public"."aldeias"."id", "public"."aldeias"."nome", "public"."aldeias"."slug", "public"."aldeias"."tipoOrganizacao"::text, "public"."aldeias"."descricao", "public"."aldeias"."logoUrl", "public"."aldeias"."logoBase64", "public"."aldeias"."moedaInterna", "public"."aldeias"."experiencia", "public"."aldeias"."nivel", "public"."aldeias"."pontos", "public"."aldeias"."permitirStripe", "public"."aldeias"."permitirMBWay", "public"."aldeias"."metodosPagamentoDefault", "public"."aldeias"."iban", "public"."aldeias"."nomeTitularConta", "public"."aldeias"."avisoPagamentosEnviado", "public"."aldeias"."nomeEscola", "public"."aldeias"."codigoEscola", "public"."aldeias"."nivelEnsino"::text, "public"."aldeias"."responsavel", "public"."aldeias"."telefone", "public"."aldeias"."email", "public"."aldeias"."morada", "public"."aldeias"."codigoPostal", "public"."aldeias"."localidade", "public"."aldeias"."autorizacaoCM", "public"."aldeias"."numeroAlvara", "public"."aldeias"."documentosVerificados", "public"."aldeias"."ativo", "public"."aldeias"."verificado", "public"."aldeias"."dataVerificacao", "public"."aldeias"."planoId", "public"."aldeias"."dataInicioPlano", "public"."aldeias"."dataFimPlano", "public"."aldeias"."createdAt", "public"."aldeias"."updatedAt", COALESCE("aggr_selection_0_UserAldeiaRole"."_aggr_count_userAldeiaRoles", 0) AS "_aggr_count_userAldeiaRoles" FROM "public"."aldeias" LEFT JOIN (SELECT "public"."UserAldeiaRole"."aldeiaId", COUNT(*) AS "_aggr_count_userAldeiaRoles" FROM "public"."UserAldeiaRole" WHERE 1=1 GROUP BY "public"."UserAldeiaRole"."aldeiaId") AS "aggr_selection_0_UserAldeiaRole" ON ("public"."aldeias"."id" = "aggr_selection_0_UserAldeiaRole"."aldeiaId") WHERE ("public"."aldeias"."ativo" = $1 AND "public"."aldeias"."verificado" = $2) ORDER BY "public"."aldeias"."createdAt" DESC LIMIT $3 OFFSET $4
 GET /api/aldeias 200 in 147ms (next.js: 18ms, proxy.ts: 36ms, application-code: 92ms)
prisma:query SELECT "public"."eventos"."id", "public"."eventos"."nome", "public"."eventos"."slug", "public"."eventos"."descricao", "public"."eventos"."imagemUrl", "public"."eventos"."imagemBase64", "public"."eventos"."dataInicio", "public"."eventos"."dataFim", "public"."eventos"."objectivoAngariacao", "public"."eventos"."estado"::text, "public"."eventos"."publico", "public"."eventos"."totalAngariado", "public"."eventos"."totalParticipacoes", "public"."eventos"."isTemplate", "public"."eventos"."templateNome", "public"."eventos"."frequenciaRecorrencia"::text, "public"."eventos"."diaSemanaRecorrencia", "public"."eventos"."proximaData", "public"."eventos"."createdAt", "public"."eventos"."updatedAt", "public"."eventos"."aldeiaId" FROM "public"."eventos" WHERE ("public"."eventos"."publico" = $1 AND "public"."eventos"."estado" = CAST($2::text AS "public"."EstadoEvento") AND "public"."eventos"."aldeiaId" = $3) ORDER BY "public"."eventos"."dataInicio" DESC LIMIT $4 OFFSET $5
prisma:query SELECT COUNT(*) AS "_count$_all" FROM (SELECT "public"."eventos"."id" FROM "public"."eventos" WHERE ("public"."eventos"."publico" = $1 AND "public"."eventos"."estado" = CAST($2::text AS "public"."EstadoEvento") AND "public"."eventos"."aldeiaId" = $3) OFFSET $4) AS "sub"
prisma:query SELECT "public"."aldeias"."id", "public"."aldeias"."nome", "public"."aldeias"."slug", "public"."aldeias"."tipoOrganizacao"::text, "public"."aldeias"."logoUrl" FROM "public"."aldeias" WHERE "public"."aldeias"."id" IN ($1) OFFSET $2
prisma:query SELECT COUNT(*) AS "_count$_all" FROM (SELECT "public"."jogos"."id" FROM "public"."jogos" LEFT JOIN "public"."eventos" AS "j0" ON ("j0"."id") = ("public"."jogos"."eventoId") WHERE ("public"."jogos"."estado" = CAST($1::text AS "public"."EstadoJogo") AND ("j0"."aldeiaId" = $2 AND ("j0"."id" IS NOT NULL))) OFFSET $3) AS "sub"
prisma:query SELECT "public"."jogos"."id", "public"."jogos"."nome", "public"."jogos"."tipo"::text, "public"."jogos"."preco", "public"."jogos"."stockInicial", "public"."jogos"."estado"::text, "public"."jogos"."eventoId" FROM "public"."jogos" WHERE "public"."jogos"."eventoId" IN ($1) OFFSET $2
prisma:query SELECT "public"."jogos"."id", "public"."jogos"."nome", "public"."jogos"."tipo"::text, "public"."jogos"."descricao", "public"."jogos"."configuracao", "public"."jogos"."dimensoesCampo", "public"."jogos"."preco", "public"."jogos"."stockInicial", "public"."jogos"."stockAtual", "public"."jogos"."limitePorUsuario", "public"."jogos"."custoQuadrado", "public"."jogos"."valorPremioVaca", "public"."jogos"."custoPremioDinheiro", "public"."jogos"."valorCompraVaca", "public"."jogos"."valorMercadoVaca", "public"."jogos"."rentabilidadePercentual", "public"."jogos"."lucroMinimoPercent", "public"."jogos"."custoMedioPrevisto", "public"."jogos"."receitaEsperada", "public"."jogos"."lucroLiquidoPrevisto", "public"."jogos"."percentagemTotalPremios", "public"."jogos"."hashVerificacao", "public"."jogos"."estado"::text, "public"."jogos"."dataAbertura", "public"."jogos"."dataFecho", "public"."jogos"."recorrente", "public"."jogos"."frequenciaRecorrencia"::text, "public"."jogos"."proximaDataCriacao", "public"."jogos"."jogoPaiId", "public"."jogos"."ativo", "public"."jogos"."totalParticipacoes", "public"."jogos"."totalAngariado", "public"."jogos"."sorteado", "public"."jogos"."dataSorteio", "public"."jogos"."createdAt", "public"."jogos"."updatedAt", "public"."jogos"."eventoId", "public"."jogos"."aldeiaId", "public"."jogos"."premioId", "public"."jogos"."modoSorteio", "public"."jogos"."detalhesSorteioExterno" FROM "public"."jogos" LEFT JOIN "public"."eventos" AS "j0" ON ("j0"."id") = ("public"."jogos"."eventoId") WHERE ("public"."jogos"."estado" = CAST($1::text AS "public"."EstadoJogo") AND ("j0"."aldeiaId" = $2 AND ("j0"."id" IS NOT NULL))) OFFSET $3
 GET /api/eventos?publico=true 200 in 248ms (next.js: 15ms, proxy.ts: 22ms, application-code: 212ms)
prisma:query SELECT "public"."eventos"."id", "public"."eventos"."nome", "public"."eventos"."slug", "public"."eventos"."aldeiaId" FROM "public"."eventos" WHERE "public"."eventos"."id" IN ($1) OFFSET $2
prisma:query SELECT "public"."aldeias"."id", "public"."aldeias"."nome", "public"."aldeias"."slug" FROM "public"."aldeias" WHERE "public"."aldeias"."id" IN ($1) OFFSET $2
prisma:query SELECT "public"."premios"."id", "public"."premios"."nome", "public"."premios"."imagemUrl", "public"."premios"."valorDinheiroAlternative", "public"."premios"."percentagem", "public"."premios"."ordem", "public"."premios"."jogoId" FROM "public"."premios" WHERE "public"."premios"."jogoId" IN ($1) ORDER BY "public"."premios"."ordem" ASC OFFSET $2
 GET /api/jogos?ativos=true 200 in 455ms (next.js: 9ms, proxy.ts: 36ms, application-code: 410ms)
⚠ ./node_modules/@prisma/instrumentation/node_modules/@opentelemetry/instrumentation/build/esm/platform/node/instrumentation.js
Critical dependency: the request of a dependency is an expression

Import trace for requested module:
./node_modules/@prisma/instrumentation/node_modules/@opentelemetry/instrumentation/build/esm/platform/node/instrumentation.js
./node_modules/@prisma/instrumentation/node_modules/@opentelemetry/instrumentation/build/esm/platform/node/index.js
./node_modules/@prisma/instrumentation/node_modules/@opentelemetry/instrumentation/build/esm/platform/index.js
./node_modules/@prisma/instrumentation/node_modules/@opentelemetry/instrumentation/build/esm/index.js
./node_modules/@prisma/instrumentation/dist/index.js
./node_modules/@sentry/node/build/cjs/integrations/tracing/prisma.js
./node_modules/@sentry/node/build/cjs/index.js
./node_modules/@sentry/nextjs/build/cjs/index.server.js
./src/components/sentry-init.tsx
⚠ ./node_modules/@prisma/instrumentation/node_modules/@opentelemetry/instrumentation/build/esm/platform/node/instrumentation.js
Critical dependency: the request of a dependency is an expression

Import trace for requested module:
./node_modules/@prisma/instrumentation/node_modules/@opentelemetry/instrumentation/build/esm/platform/node/instrumentation.js
./node_modules/@prisma/instrumentation/node_modules/@opentelemetry/instrumentation/build/esm/platform/node/index.js
./node_modules/@prisma/instrumentation/node_modules/@opentelemetry/instrumentation/build/esm/platform/index.js
./node_modules/@prisma/instrumentation/node_modules/@opentelemetry/instrumentation/build/esm/index.js
./node_modules/@prisma/instrumentation/dist/index.js
./node_modules/@sentry/node/build/cjs/integrations/tracing/prisma.js
./node_modules/@sentry/node/build/cjs/index.js
./node_modules/@sentry/nextjs/build/cjs/index.server.js
./src/components/sentry-init.tsx
prisma:query SELECT "public"."users"."id", "public"."users"."email", "public"."users"."password", "public"."users"."nome", "public"."users"."telefone", "public"."users"."fotoUrl", "public"."users"."role"::text, "public"."users"."emailVerificado", "public"."users"."notificacoesEmail", "public"."users"."ultimoLogin", "public"."users"."falhasLogin", "public"."users"."ultimaFalhaLogin", "public"."users"."deletedAt", "public"."users"."deletedReason", "public"."users"."createdAt", "public"."users"."updatedAt", "public"."users"."aldeiaId", "public"."users"."aldeiasPermitidas", "public"."users"."saldo", "public"."users"."onboardingCompleted", "public"."users"."appleId", "public"."users"."googleId", "public"."users"."authProvider", "public"."users"."comissaoPercentual", "public"."users"."comissaoAtiva", "public"."users"."comissaoTotal" FROM "public"."users" WHERE ("public"."users"."email" = $1 AND 1=1) LIMIT $2 OFFSET $3
prisma:error 
Invalid `prisma.user.findUnique()` invocation:


The column `users.onboardingCompleted` does not exist in the current database.
Erro no registo: Error [PrismaClientKnownRequestError]: 
Invalid `prisma.user.findUnique()` invocation:


The column `users.onboardingCompleted` does not exist in the current database.
    at async POST (src/app/api/auth/register/route.ts:35:26)
  33 |
  34 |     // Verificar se email já existe - mensagem genérica (não revelar se existe)
> 35 |     const existingUser = await prisma.user.findUnique({
     |                          ^
  36 |       where: { email: email.toLowerCase() },
  37 |     });
  38 | {
  code: 'P2022',
  meta: { modelName: 'User', column: 'users.onboardingCompleted' },
  clientVersion: '6.19.3'
}
 POST /api/auth/register 500 in 2.3s (next.js: 1967ms, proxy.ts: 15ms, application-code: 322ms)
prisma:error Error in PostgreSQL connection: Error { kind: Db, cause: Some(DbError { severity: "FATAL", parsed_severity: Some(Fatal), code: SqlState(E57P01), message: "terminating connection due to administrator command", detail: None, hint: None, position: None, where_: None, schema: None, table: None, column: None, datatype: None, constraint: None, file: Some("postgres.c"), line: Some(3214), routine: Some("ProcessInterrupts") }) }
prisma:error Error in PostgreSQL connection: Error { kind: Db, cause: Some(DbError { severity: "FATAL", parsed_severity: Some(Fatal), code: SqlState(E57P01), message: "terminating connection due to administrator command", detail: None, hint: None, position: None, where_: None, schema: None, table: None, column: None, datatype: None, constraint: None, file: Some("postgres.c"), line: Some(3214), routine: Some("ProcessInterrupts") }) }
prisma:error Error in PostgreSQL connection: Error { kind: Db, cause: Some(DbError { severity: "FATAL", parsed_severity: Some(Fatal), code: SqlState(E57P01), message: "terminating connection due to administrator command", detail: None, hint: None, position: None, where_: None, schema: None, table: None, column: None, datatype: None, constraint: None, file: Some("postgres.c"), line: Some(3214), routine: Some("ProcessInterrupts") }) }
prisma:error Error in PostgreSQL connection: Error { kind: Db, cause: Some(DbError { severity: "FATAL", parsed_severity: Some(Fatal), code: SqlState(E57P01), message: "terminating connection due to administrator command", detail: None, hint: None, position: None, where_: None, schema: None, table: None, column: None, datatype: None, constraint: None, file: Some("postgres.c"), line: Some(3214), routine: Some("ProcessInterrupts") }) }
prisma:error Error in PostgreSQL connection: Error { kind: Db, cause: Some(DbError { severity: "FATAL", parsed_severity: Some(Fatal), code: SqlState(E57P01), message: "terminating connection due to administrator command", detail: None, hint: None, position: None, where_: None, schema: None, table: None, column: None, datatype: None, constraint: None, file: Some("postgres.c"), line: Some(3214), routine: Some("ProcessInterrupts") }) }
[?25h
